Starting a Gradle Daemon, 5 stopped Daemons could not be reused, use --status for details
> Task :clean

> Task :compileJava
Note: C:\Users\sam_p\Documents\Workspace\Jason\simulator\initializer\MessageLoader.java uses unchecked or unsafe operations.
Note: Recompile with -Xlint:unchecked for details.

> Task :processResources NO-SOURCE
> Task :classes

> Task :run


*** The jason.jar from classpath is different than jason.jar from configuration, consider to delete the configuration (file ~/.jason/user.properties) or 'unset JASON_HOME'.
Classpath is
   C:\Users\sam_p\.gradle\caches\modules-2\files-2.1\io.github.jason-lang\jason-interpreter\3.3.0\3c0fae64839e6566abeb9ed42ab63255e570f972\jason-interpreter-3.3.0.jar
Config    is
   /C:/Users/sam_p/.gradle/caches/modules-2/files-2.1/io.github.jason-lang/jason-interpreter/3.3.0/3c0fae64839e6566abeb9ed42ab63255e570f972/jason-interpreter-3.3.0.jar


Using the jason.jar from classpath

Runtime Services (RTS) is running at 192.168.1.135:58218
Agent mind inspector is running at http://192.168.1.135:3272

[Incubating] Problems report is available at: file:///C:/Users/sam_p/Documents/Workspace/Jason/simulator/build/reports/problems/problems-report.html

BUILD SUCCESSFUL in 2m 46s
3 actionable tasks: 3 executed
Base directory : C:\Users\sam_p\Documents\Workspace\Jason\simulator
Gradle command : gradle
Mas file       : default_mas.mas2j
Dry run        : False
Stop on error  : False

Scheduled 1 simulation folder(s):

  convai/600/524990163446140928_75pct_cautious

  [RUN] 524990163446140928_75pct_cautious  ->  gradlew.bat clean run -PgeneratedFolder=convai/600/524990163446140928_75pct_cautious -PmasFile=default_mas.mas2j
    524990163446140928_75pct_cautious: OK  [167.0s]

==================================================
Summary: 1/1 succeeded, 0 timed out, 0 failed.
